$ vitest run protocol-version-admission.test.ts

 RUN  v4.1.10 /Users/kito/Projects/byok-sdk-wt-upgrade-version-gate/packages/client

 ❯ src/__tests__/protocol-version-admission.test.ts (1 test | 1 failed) 117ms
     × does not execute or acknowledge an otherwise-known task.offer carrying unsupported v:2 116ms

⎯⎯⎯⎯⎯⎯⎯ Failed Tests 1 ⎯⎯⎯⎯⎯⎯⎯

 FAIL  src/__tests__/protocol-version-admission.test.ts > protocol-version admission at real long-poll receive > does not execute or acknowledge an otherwise-known task.offer carrying unsupported v:2
AssertionError: expected [ 2 ] to deeply equal []

- Expected
+ Received

- []
+ [
+   2,
+ ]

 ❯ src/__tests__/protocol-version-admission.test.ts:84:22
     82|     // barrier rather than a timing guess.
     83|     await vi.waitFor(() => expect(eventsRequestsAfterV2).toBeGreaterTh…
     84|     expect(received).toEqual([]);
       |                      ^
     85|     expect(await cursorStore.load(real.url, record.deviceId)).toBeUnde…
     86|

⎯⎯⎯⎯⎯⎯⎯⎯⎯⎯⎯⎯⎯⎯⎯⎯⎯⎯⎯⎯⎯⎯⎯⎯[1/1]⎯


 Test Files  1 failed (1)
      Tests  1 failed (1)
   Start at  16:31:08
   Duration  571ms (transform 190ms, setup 0ms, import 322ms, tests 117ms, environment 0ms)

error: script "test" exited with code 1

CLIENT_PRE_FIX_EXIT=1
$ vitest run protocol-version-admission.test.ts

 RUN  v4.1.10 /Users/kito/Projects/byok-sdk-wt-upgrade-version-gate/packages/cloud

 ❯ src/__tests__/protocol-version-admission.test.ts (3 tests | 2 failed) 40ms
     × rejects v:2 at the exported inbound gate before the claim lifecycle mutation 35ms
     × rejects v:2 at POST /byok/messages before it can be acknowledged as accepted 3ms

⎯⎯⎯⎯⎯⎯⎯ Failed Tests 2 ⎯⎯⎯⎯⎯⎯⎯

 FAIL  src/__tests__/protocol-version-admission.test.ts > protocol-version admission at cloud lifecycle boundaries > rejects v:2 at the exported inbound gate before the claim lifecycle mutation
AssertionError: expected 'accepted' to be 'rejected' // Object.is equality

Expected: "rejected"
Received: "accepted"

 ❯ src/__tests__/protocol-version-admission.test.ts:21:103
     19|     const v2Claim = { ...createEnvelope('task.claim', { deviceId: devi…
     20|
     21|     await expect(handleInboundEnvelope(storesFor(harness, device.devic…
       |                                                                                                       ^
     22|     expect((await harness.cloud.readTaskAttempt(TENANT_A, offer.taskId…
     23|     await expect(

⎯⎯⎯⎯⎯⎯⎯⎯⎯⎯⎯⎯⎯⎯⎯⎯⎯⎯⎯⎯⎯⎯⎯⎯[1/2]⎯

 FAIL  src/__tests__/protocol-version-admission.test.ts > protocol-version admission at cloud lifecycle boundaries > rejects v:2 at POST /byok/messages before it can be acknowledged as accepted
AssertionError: expected 200 to be 400 // Object.is equality

- Expected
+ Received

- 400
+ 200

 ❯ src/__tests__/protocol-version-admission.test.ts:40:29
     38|       body: JSON.stringify({ messages: [v2Claim] }),
     39|     });
     40|     expect(response.status).toBe(400);
       |                             ^
     41|     expect((await harness.cloud.readTaskAttempt(TENANT_A, offer.taskId…
     42|   });

⎯⎯⎯⎯⎯⎯⎯⎯⎯⎯⎯⎯⎯⎯⎯⎯⎯⎯⎯⎯⎯⎯⎯⎯[2/2]⎯


 Test Files  1 failed (1)
      Tests  2 failed | 1 passed (3)
   Start at  16:31:09
   Duration  464ms (transform 203ms, setup 0ms, import 301ms, tests 40ms, environment 0ms)

error: script "test" exited with code 1

CLOUD_PRE_FIX_EXIT=1
PRE_FIX_EXIT=1
